鉁?鏇存柊鍚庤绠楀睘鎬ч噸鏂拌绠?
